[backblue.gif]
[fade.gif]
[index.html]
[skywarriorthemes.com/benri/demo1/feed/index.html]
[skywarriorthemes.com/benri/demo1/comments/feed/index.html]
[skywarriorthemes.com/benri/demo1/wp-content/themes/benri/assets/img/defaults/header-default.jpg]
[skywarriorthemes.com/benri/demo1/wp-content/uploads/sites/17/2017/05/rawpixel-com-191102-500x354.jpg]
[skywarriorthemes.com/benri/demo1/wp-content/uploads/sites/17/2017/05/jeff-sheldon-3228-500x354.jpg]
[skywarriorthemes.com/benri/demo1/wp-content/uploads/sites/17/2017/05/igor-miske-177262-500x354.jpg]
[skywarriorthemes.com/benri/demo1/wp-content/uploads/sites/17/2017/05/bino-storyteller-33152-500x354.jpg]
[skywarriorthemes.com/benri/demo1/wp-content/uploads/sites/17/2017/05/olu-eletu-27968-500x354.jpg]
[skywarriorthemes.com/benri/demo1/wp-content/uploads/sites/17/2017/05/pineapple-supply-co-100584-500x354.jpg]
[skywarriorthemes.com/benri/demo1/wp-content/uploads/sites/17/2017/05/tran-mau-tri-tam-66419-500x354.jpg]
[skywarriorthemes.com/benri/demo1/wp-content/uploads/sites/17/2017/05/angelo-pantazis-180828-500x354.jpg]
[skywarriorthemes.com/benri/demo1/wp-content/uploads/sites/17/2017/05/brad-neathery-248309-500x354.jpg]
[skywarriorthemes.com/benri/demo1/wp-content/uploads/sites/17/2017/05/bench-accounting-49025-500x354.jpg]
[skywarriorthemes.com/benri/demo1/wp-content/plugins/LayerSlider/static/layerslider/js/greensock.js]
[skywarriorthemes.com/benri/demo1/wp-includes/js/jquery/jquery.js]
[skywarriorthemes.com/benri/demo1/wp-includes/js/jquery/jquery-migrate.min.js]
[skywarriorthemes.com/benri/demo1/wp-content/plugins/LayerSlider/static/layerslider/js/layerslider.kreaturamedia.jquery.js]
[skywarriorthemes.com/benri/demo1/wp-content/plugins/LayerSlider/static/layerslider/js/layerslider.transitions.js]
[skywarriorthemes.com/benri/demo1/wp-content/plugins/woocommerce/assets/js/jquery-blockui/jquery.blockUI.min.js]
[skywarriorthemes.com/benri/demo1/wp-content/plugins/woocommerce/assets/js/frontend/add-to-cart.min.js]
[skywarriorthemes.com/benri/demo1/wp-content/plugins/js_composer/assets/js/vendors/woocommerce-add-to-cart.js]
[skywarriorthemes.com/benri/demo1/wp-content/plugins/Ultimate_VC_Addons/assets/min-js/ultimate-params.min.js]
[skywarriorthemes.com/benri/demo1/wp-content/plugins/Ultimate_VC_Addons/assets/min-js/custom.min.js]
[skywarriorthemes.com/benri/demo1/wp-content/plugins/Ultimate_VC_Addons/assets/min-js/jquery-appear.min.js]
[skywarriorthemes.com/benri/demo1/wp-content/plugins/Ultimate_VC_Addons/assets/min-js/headings.min.js]
[skywarriorthemes.com/benri/demo1/xmlrpc0db0.php]
[skywarriorthemes.com/benri/demo1/wp-json/index.html]
[skywarriorthemes.com/benri/demo1/wp-includes/wlwmanifest.xml]
[skywarriorthemes.com/benri/demo1/wp-json/oembed/1.0/embeda911.json]
[skywarriorthemes.com/benri/demo1/wp-json/oembed/1.0/embedadb9]
[skywarriorthemes.com/benri/demo1/wp-content/uploads/sites/17/2018/04/demo1.png]
[skywarriorthemes.com/benri/demo1/wp-content/uploads/sites/17/layerslider/Home/rawpixel-com-196509-1.jpg]
[skywarriorthemes.com/benri/demo1/wp-content/uploads/sites/17/2017/05/home1.png]
[skywarriorthemes.com/benri/demo1/wp-content/uploads/sites/17/2017/05/logo6-1.jpg]
[skywarriorthemes.com/benri/demo1/wp-content/uploads/sites/17/2017/05/logo5.jpg]
[skywarriorthemes.com/benri/demo1/wp-content/uploads/sites/17/2017/05/logo3.jpg]
[skywarriorthemes.com/benri/demo1/wp-content/uploads/sites/17/2017/05/logo4.jpg]
[skywarriorthemes.com/benri/demo1/wp-content/uploads/sites/17/2017/05/logo1.jpg]
[skywarriorthemes.com/benri/demo1/wp-content/uploads/sites/17/2017/05/logo2.jpg]
[skywarriorthemes.com/benri/demo1/wp-content/uploads/sites/17/2017/05/portfolio.png]
[skywarriorthemes.com/benri/demo1/wp-content/uploads/sites/17/2017/05/responsive.png]
[skywarriorthemes.com/benri/demo1/wp-content/uploads/sites/17/2017/05/support.png]
[skywarriorthemes.com/benri/demo1/wp-content/uploads/sites/17/2017/05/bino-storyteller-33152.jpg]
[skywarriorthemes.com/benri/demo1/wp-content/uploads/sites/17/2017/05/chris-barbalis-249277.jpg]
[skywarriorthemes.com/benri/demo1/wp-content/uploads/sites/17/2017/05/jakob-owens-91193.jpg]
[skywarriorthemes.com/benri/demo1/wp-content/uploads/sites/17/2017/05/angelo-pantazis-180828.jpg]
[skywarriorthemes.com/benri/demo1/wp-content/uploads/sites/17/2017/05/tran-mau-tri-tam-66419.jpg]
[skywarriorthemes.com/benri/demo1/wp-content/uploads/sites/17/2017/05/bench-accounting-49025.jpg]
[skywarriorthemes.com/benri/demo1/wp-content/uploads/sites/17/2017/05/olu-eletu-27968.jpg]
[skywarriorthemes.com/benri/demo1/wp-content/uploads/sites/17/2017/05/rawpixel-com-191102.jpg]
[skywarriorthemes.com/benri/demo1/wp-content/uploads/sites/17/2018/04/flogo.png]
[skywarriorthemes.com/benri/demo1/wp-content/uploads/sites/17/2017/05/jakob-owens-91193-100x100.jpg]
[skywarriorthemes.com/benri/demo1/wp-content/uploads/sites/17/2017/05/pineapple-supply-co-100584.jpg]
[skywarriorthemes.com/benri/demo1/wp-content/uploads/sites/17/2017/05/pineapple-supply-co-100584-100x100.jpg]
[skywarriorthemes.com/benri/demo1/wp-content/uploads/sites/17/2017/05/bino-storyteller-33152-100x100.jpg]
[skywarriorthemes.com/benri/demo1/wp-content/uploads/sites/17/2017/05/angelo-pantazis-180828-100x100.jpg]
[skywarriorthemes.com/benri/demo1/wp-content/uploads/sites/17/2017/05/olu-eletu-27968-100x100.jpg]
[skywarriorthemes.com/benri/demo1/wp-content/uploads/sites/17/2017/05/jeff-sheldon-3228.jpg]
[skywarriorthemes.com/benri/demo1/wp-content/uploads/sites/17/2017/05/jeff-sheldon-3228-100x100.jpg]
[skywarriorthemes.com/benri/demo1/wp-content/uploads/sites/17/2017/05/chris-barbalis-249277-100x100.jpg]
[skywarriorthemes.com/benri/demo1/wp-content/uploads/sites/17/2017/05/tran-mau-tri-tam-66419-100x100.jpg]
[skywarriorthemes.com/benri/demo1/wp-content/uploads/sites/17/2017/05/bench-accounting-49025-100x100.jpg]
[skywarriorthemes.com/benri/demo1/wp-content/plugins/contact-form-7/includes/js/scripts.js]
[skywarriorthemes.com/benri/demo1/wp-content/plugins/woocommerce/assets/js/js-cookie/js.cookie.min.js]
[skywarriorthemes.com/benri/demo1/wp-content/plugins/woocommerce/assets/js/frontend/woocommerce.min.js]
[skywarriorthemes.com/benri/demo1/wp-content/plugins/woocommerce/assets/js/frontend/cart-fragments.min.js]
[skywarriorthemes.com/benri/demo1/wp-content/plugins/js_composer/assets/lib/bower/isotope/dist/isotope.pkgd.min.js]
[skywarriorthemes.com/benri/demo1/wp-content/plugins/woocommerce/assets/js/prettyPhoto/jquery.prettyPhoto.min.js]
[skywarriorthemes.com/benri/demo1/wp-content/themes/benri/assets/js/mediaelement-and-player.min.js]
[skywarriorthemes.com/benri/demo1/wp-content/themes/benri/assets/js/anime.min.js]
[skywarriorthemes.com/benri/demo1/wp-content/themes/benri/assets/js/tilt.min.js]
[skywarriorthemes.com/benri/demo1/wp-content/themes/benri/assets/js/slimMenu.min.js]
[skywarriorthemes.com/benri/demo1/wp-content/themes/benri/assets/js/flickity.pkgd.min.js]
[skywarriorthemes.com/benri/demo1/wp-content/themes/benri/assets/js/prototip.min.js]
[skywarriorthemes.com/benri/demo1/wp-content/themes/benri/assets/js/smoothscroll.js]
[skywarriorthemes.com/benri/demo1/wp-content/themes/benri/assets/js/global.js]
[skywarriorthemes.com/benri/demo1/wp-includes/js/comment-reply.min.js]
[skywarriorthemes.com/benri/demo1/wp-content/plugins/Ultimate_VC_Addons/assets/min-js/info-box.min.js]
[skywarriorthemes.com/benri/demo1/wp-content/plugins/Ultimate_VC_Addons/assets/min-js/flip-box.min.js]
[skywarriorthemes.com/benri/demo1/wp-includes/js/wp-embed.min.js]
[skywarriorthemes.com/benri/demo1/wp-content/plugins/js_composer/assets/js/dist/js_composer_front.min.js]
[skywarriorthemes.com/benri/demo1/wp-content/plugins/Ultimate_VC_Addons/assets/min-js/ultimate_bg.min.js]
[skywarriorthemes.com/benri/demo1/wp-content/plugins/js_composer/assets/lib/vc_waypoints/vc-waypoints.min.js]
[skywarriorthemes.com/benri/demo1/wp-content/plugins/Ultimate_VC_Addons/assets/min-js/vhparallax.min.js]
[skywarriorthemes.com/benri/demo1/wp-content/themes/benri/assets/js/vc_isotope_gallery.js]
[skywarriorthemes.com/benri/demo1/index.html]
[skywarriorthemes.com/benri/demo1/xmlrpc.php]
[skywarriorthemes.com/benri/demo1/wp-content/plugins/LayerSlider/static/layerslider/css/layerslider.css]
[skywarriorthemes.com/benri/demo1/wp-includes/css/dist/block-library/style.min.css]
[skywarriorthemes.com/benri/demo1/wp-content/plugins/woocommerce/assets/css/blocks/style.css]
[skywarriorthemes.com/benri/demo1/wp-content/plugins/contact-form-7/images/ajax-loader.gif]
[skywarriorthemes.com/benri/demo1/wp-content/plugins/contact-form-7/includes/css/styles.css]
[skywarriorthemes.com/benri/demo1/wp-content/plugins/woocommerce/assets/css/woocommerce-layout.css]
[skywarriorthemes.com/benri/demo1/wp-content/plugins/woocommerce/assets/css/woocommerce-smallscreen.css]
[skywarriorthemes.com/benri/demo1/wp-content/plugins/woocommerce/assets/fonts/star.eot]
[skywarriorthemes.com/benri/demo1/wp-content/plugins/woocommerce/assets/fonts/stard41d.eot]
[skywarriorthemes.com/benri/demo1/wp-content/plugins/woocommerce/assets/fonts/star.woff]
[skywarriorthemes.com/benri/demo1/wp-content/plugins/woocommerce/assets/fonts/star.ttf]
[skywarriorthemes.com/benri/demo1/wp-content/plugins/woocommerce/assets/fonts/WooCommerce.eot]
[skywarriorthemes.com/benri/demo1/wp-content/plugins/woocommerce/assets/fonts/WooCommerced41d.eot]
[skywarriorthemes.com/benri/demo1/wp-content/plugins/woocommerce/assets/fonts/WooCommerce.woff]
[skywarriorthemes.com/benri/demo1/wp-content/plugins/woocommerce/assets/fonts/WooCommerce.ttf]
[skywarriorthemes.com/benri/demo1/wp-content/plugins/woocommerce/assets/css/woocommerce.css]
[skywarriorthemes.com/benri/demo1/wp-content/plugins/wp-social-widget/assets/fonts/socialicon1466.eot]
[skywarriorthemes.com/benri/demo1/wp-content/plugins/wp-social-widget/assets/fonts/socialicon1466.ttf]
[skywarriorthemes.com/benri/demo1/wp-content/plugins/wp-social-widget/assets/fonts/socialicon1466.woff]
[skywarriorthemes.com/benri/demo1/wp-content/plugins/wp-social-widget/assets/css/social-icons.css]
[skywarriorthemes.com/benri/demo1/wp-content/plugins/wp-social-widget/assets/css/social-style.css]
[skywarriorthemes.com/benri/demo1/wp-content/themes/benri/style.css]
[skywarriorthemes.com/benri/demo1/wp-content/themes/benri/assets/webfonts/fa-brands-400.eot]
[skywarriorthemes.com/benri/demo1/wp-content/themes/benri/assets/webfonts/fa-brands-400d41d.eot]
[skywarriorthemes.com/benri/demo1/wp-content/themes/benri/assets/webfonts/fa-brands-400.woff]
[skywarriorthemes.com/benri/demo1/wp-content/themes/benri/assets/webfonts/fa-brands-400.ttf]
[skywarriorthemes.com/benri/demo1/wp-content/themes/benri/assets/webfonts/fa-regular-400.eot]
[skywarriorthemes.com/benri/demo1/wp-content/themes/benri/assets/webfonts/fa-regular-400d41d.eot]
[skywarriorthemes.com/benri/demo1/wp-content/themes/benri/assets/webfonts/fa-regular-400.woff]
[skywarriorthemes.com/benri/demo1/wp-content/themes/benri/assets/webfonts/fa-regular-400.ttf]
[skywarriorthemes.com/benri/demo1/wp-content/themes/benri/assets/webfonts/fa-solid-900.eot]
[skywarriorthemes.com/benri/demo1/wp-content/themes/benri/assets/webfonts/fa-solid-900d41d.eot]
[skywarriorthemes.com/benri/demo1/wp-content/themes/benri/assets/webfonts/fa-solid-900.woff]
[skywarriorthemes.com/benri/demo1/wp-content/themes/benri/assets/webfonts/fa-solid-900.ttf]
[skywarriorthemes.com/benri/demo1/wp-content/themes/benri/assets/css/fontawesome-all.css]
[skywarriorthemes.com/benri/demo1/wp-content/themes/benri/assets/img/prettyPhoto/default/sprite.png]
[skywarriorthemes.com/benri/demo1/wp-content/themes/benri/assets/img/prettyPhoto/default/sprite_x.png]
[skywarriorthemes.com/benri/demo1/wp-content/themes/benri/assets/img/prettyPhoto/default/sprite_y.png]
[skywarriorthemes.com/benri/demo1/wp-content/themes/benri/assets/img/prettyPhoto/default/sprite_next.png]
[skywarriorthemes.com/benri/demo1/wp-content/themes/benri/assets/img/prettyPhoto/default/sprite_prev.png]
[skywarriorthemes.com/benri/demo1/wp-content/themes/benri/assets/img/prettyPhoto/default/default_thumb.png]
[skywarriorthemes.com/benri/demo1/wp-content/themes/benri/assets/img/prettyPhoto/default/loader.gif]
[skywarriorthemes.com/benri/demo1/wp-content/themes/benri/assets/css/minified-css.css]
[skywarriorthemes.com/benri/demo1/wp-content/themes/benri/assets/img/Plus-Light-Blue.png]
[skywarriorthemes.com/benri/demo1/wp-content/themes/benri/assets/img/Twitter.png]
[skywarriorthemes.com/benri/demo1/wp-content/themes/benri/assets/img/Facebook.png]
[skywarriorthemes.com/benri/demo1/wp-content/themes/benri/assets/img/Google.png]
[themenectar.com/demo/salient-blog/wp-content/themes/salient/img/icons/comment-children-line.jpg]
[skywarriorthemes.com/benri/demo1/wp-content/themes/benri/assets/css/main.css]
[skywarriorthemes.com/benri/demo1/wp-content/plugins/js_composer/assets/vc/alert.png]
[skywarriorthemes.com/benri/demo1/wp-content/plugins/js_composer/assets/vc/info.png]
[skywarriorthemes.com/benri/demo1/wp-content/plugins/js_composer/assets/vc/tick.png]
[skywarriorthemes.com/benri/demo1/wp-content/plugins/js_composer/assets/vc/exclamation.png]
[skywarriorthemes.com/benri/demo1/wp-content/plugins/js_composer/assets/images/icons/address-book.png]
[skywarriorthemes.com/benri/demo1/wp-content/plugins/js_composer/assets/images/icons/alarm-clock.png]
[skywarriorthemes.com/benri/demo1/wp-content/plugins/js_composer/assets/images/icons/anchor.png]
[skywarriorthemes.com/benri/demo1/wp-content/plugins/js_composer/assets/images/icons/application-image.png]
[skywarriorthemes.com/benri/demo1/wp-content/plugins/js_composer/assets/images/icons/arrow.png]
[skywarriorthemes.com/benri/demo1/wp-content/plugins/js_composer/assets/images/icons/asterisk.png]
[skywarriorthemes.com/benri/demo1/wp-content/plugins/js_composer/assets/images/icons/auction-hammer.png]
[skywarriorthemes.com/benri/demo1/wp-content/plugins/js_composer/assets/images/icons/balloon.png]
[skywarriorthemes.com/benri/demo1/wp-content/plugins/js_composer/assets/images/icons/balloon-buzz.png]
[skywarriorthemes.com/benri/demo1/wp-content/plugins/js_composer/assets/images/icons/balloon-facebook.png]
[skywarriorthemes.com/benri/demo1/wp-content/plugins/js_composer/assets/images/icons/balloon-twitter.png]
[skywarriorthemes.com/benri/demo1/wp-content/plugins/js_composer/assets/images/icons/battery-full.png]
[skywarriorthemes.com/benri/demo1/wp-content/plugins/js_composer/assets/images/icons/binocular.png]
[skywarriorthemes.com/benri/demo1/wp-content/plugins/js_composer/assets/images/icons/blue-document-excel.png]
[skywarriorthemes.com/benri/demo1/wp-content/plugins/js_composer/assets/images/icons/blue-document-image.png]
[skywarriorthemes.com/benri/demo1/wp-content/plugins/js_composer/assets/images/icons/blue-document-music.png]
[skywarriorthemes.com/benri/demo1/wp-content/plugins/js_composer/assets/images/icons/blue-document-office.png]
[skywarriorthemes.com/benri/demo1/wp-content/plugins/js_composer/assets/images/icons/blue-document-pdf.png]
[skywarriorthemes.com/benri/demo1/wp-content/plugins/js_composer/assets/images/icons/blue-document-powerpoint.png]
[skywarriorthemes.com/benri/demo1/wp-content/plugins/js_composer/assets/images/icons/blue-document-word.png]
[skywarriorthemes.com/benri/demo1/wp-content/plugins/js_composer/assets/images/icons/bookmark.png]
[skywarriorthemes.com/benri/demo1/wp-content/plugins/js_composer/assets/images/icons/camcorder.png]
[skywarriorthemes.com/benri/demo1/wp-content/plugins/js_composer/assets/images/icons/camera.png]
[skywarriorthemes.com/benri/demo1/wp-content/plugins/js_composer/assets/images/icons/chart.png]
[skywarriorthemes.com/benri/demo1/wp-content/plugins/js_composer/assets/images/icons/chart-pie.png]
[skywarriorthemes.com/benri/demo1/wp-content/plugins/js_composer/assets/images/icons/clock.png]
[skywarriorthemes.com/benri/demo1/wp-content/plugins/js_composer/assets/images/icons/control.png]
[skywarriorthemes.com/benri/demo1/wp-content/plugins/js_composer/assets/images/icons/fire.png]
[skywarriorthemes.com/benri/demo1/wp-content/plugins/js_composer/assets/images/icons/heart.png]
[skywarriorthemes.com/benri/demo1/wp-content/plugins/js_composer/assets/images/icons/mail.png]
[skywarriorthemes.com/benri/demo1/wp-content/plugins/js_composer/assets/images/icons/plus-shield.png]
[skywarriorthemes.com/benri/demo1/wp-content/plugins/js_composer/assets/images/icons/video.png]
[skywarriorthemes.com/benri/demo1/wp-content/plugins/js_composer/assets/fonts/vc_icons_v2/fonts/vcpb-plugin-iconsb82a.eot]
[skywarriorthemes.com/benri/demo1/wp-content/plugins/js_composer/assets/fonts/vc_icons_v2/fonts/vcpb-plugin-iconsb82a.ttf]
[skywarriorthemes.com/benri/demo1/wp-content/plugins/js_composer/assets/fonts/vc_icons_v2/fonts/vcpb-plugin-iconsb82a.woff]
[skywarriorthemes.com/benri/demo1/wp-content/plugins/js_composer/assets/images/toggle_open.png]
[skywarriorthemes.com/benri/demo1/wp-content/plugins/js_composer/assets/images/toggle_close.png]
[skywarriorthemes.com/benri/demo1/wp-content/plugins/js_composer/assets/images/flickr.png]
[skywarriorthemes.com/benri/demo1/wp-content/plugins/js_composer/assets/fonts/vc_grid/vc_grid_v157a1.eot]
[skywarriorthemes.com/benri/demo1/wp-content/plugins/js_composer/assets/fonts/vc_grid/vc_grid_v1d41d.eot]
[skywarriorthemes.com/benri/demo1/wp-content/plugins/js_composer/assets/fonts/vc_grid/vc_grid_v157a1.woff]
[skywarriorthemes.com/benri/demo1/wp-content/plugins/js_composer/assets/fonts/vc_grid/vc_grid_v157a1.ttf]
[skywarriorthemes.com/benri/demo1/wp-content/plugins/js_composer/assets/images/spinner.gif]
[skywarriorthemes.com/benri/demo1/wp-content/plugins/js_composer/assets/vc/remove.png]
[skywarriorthemes.com/benri/demo1/wp-content/plugins/js_composer/assets/css/js_composer.min.css]
[skywarriorthemes.com/benri/demo1/wp-content/uploads/sites/17/smile_fonts/Defaults/Defaults21ea.eot]
[skywarriorthemes.com/benri/demo1/wp-content/uploads/sites/17/smile_fonts/Defaults/Defaultsd41d.eot]
[skywarriorthemes.com/benri/demo1/wp-content/uploads/sites/17/smile_fonts/Defaults/Defaults21ea.woff]
[skywarriorthemes.com/benri/demo1/wp-content/uploads/sites/17/smile_fonts/Defaults/Defaults21ea.ttf]
[skywarriorthemes.com/benri/demo1/wp-content/uploads/sites/17/smile_fonts/Defaults/Defaults.css]
[skywarriorthemes.com/benri/demo1/wp-content/plugins/Ultimate_VC_Addons/assets/min-css/style.min.css]
[skywarriorthemes.com/benri/demo1/wp-content/plugins/Ultimate_VC_Addons/assets/min-css/animate.min.css]
[skywarriorthemes.com/benri/demo1/wp-content/plugins/Ultimate_VC_Addons/assets/min-css/flip-box.min.css]
[skywarriorthemes.com/benri/demo1/wp-content/plugins/Ultimate_VC_Addons/assets/min-css/advanced-buttons.min.css]
[skywarriorthemes.com/benri/demo1/wp-content/plugins/Ultimate_VC_Addons/assets/min-css/headings.min.css]
[skywarriorthemes.com/benri/demo1/wp-content/plugins/Ultimate_VC_Addons/assets/min-css/info-box.min.css]
[skywarriorthemes.com/benri/demo1/services/feed/index.html]
[skywarriorthemes.com/benri/demo1/wp-content/uploads/sites/17/2017/05/rawpixel-com-252127.jpg]
[skywarriorthemes.com/benri/demo1/wp-content/plugins/Ultimate_VC_Addons/assets/min-js/countUp.min.js]
[skywarriorthemes.com/benri/demo1/wp-json/oembed/1.0/embed8f10.json]
[skywarriorthemes.com/benri/demo1/wp-json/oembed/1.0/embed9c04]
[skywarriorthemes.com/benri/demo1/wp-content/uploads/sites/17/2017/05/screen.png]
[skywarriorthemes.com/benri/demo1/services/index.html]
[skywarriorthemes.com/benri/demo1/wp-content/uploads/sites/17/2017/05/rawpixel-com-250087v2.jpg]
[skywarriorthemes.com/benri/demo1/wp-content/plugins/Ultimate_VC_Addons/assets/min-js/creative-link.min.js]
[skywarriorthemes.com/benri/demo1/wp-json/oembed/1.0/embed40c8.json]
[skywarriorthemes.com/benri/demo1/wp-json/oembed/1.0/embed75b9]
[skywarriorthemes.com/benri/demo1/wp-content/uploads/sites/17/2017/05/rawpixel-com-196509.jpg]
[skywarriorthemes.com/benri/demo1/wp-content/uploads/sites/17/2017/05/user1.jpg]
[skywarriorthemes.com/benri/demo1/wp-content/uploads/sites/17/2017/05/user4.jpg]
[skywarriorthemes.com/benri/demo1/wp-content/uploads/sites/17/2017/05/user2.jpg]
[skywarriorthemes.com/benri/demo1/wp-content/uploads/sites/17/2017/05/user3.jpg]
[skywarriorthemes.com/benri/demo1/about-us/index.html]
[skywarriorthemes.com/benri/demo1/wp-json/oembed/1.0/embedb3ef.json]
[skywarriorthemes.com/benri/demo1/wp-json/oembed/1.0/embeda933]
[skywarriorthemes.com/benri/demo1/our-work/index.html]
[skywarriorthemes.com/benri/demo1/wp-json/oembed/1.0/embed9def.json]
[skywarriorthemes.com/benri/demo1/portfolio/1420-3/feed/index.html]
[skywarriorthemes.com/benri/demo1/wp-json/oembed/1.0/embed70db]
[skywarriorthemes.com/benri/demo1/wp-content/uploads/sites/17/2017/05/pineapple-supply-co-100584-512x384.jpg]
[skywarriorthemes.com/benri/demo1/wp-content/uploads/sites/17/2017/05/jeff-sheldon-3228-512x384.jpg]
[skywarriorthemes.com/benri/demo1/wp-content/uploads/sites/17/2017/05/angelo-pantazis-180828-512x384.jpg]
[skywarriorthemes.com/benri/demo1/wp-content/uploads/sites/17/2017/05/bino-storyteller-33152-512x384.jpg]
[skywarriorthemes.com/benri/demo1/wp-content/uploads/sites/17/2017/05/jakob-owens-91193-512x384.jpg]
[skywarriorthemes.com/benri/demo1/wp-content/uploads/sites/17/2017/05/olu-eletu-27968-512x384.jpg]
[skywarriorthemes.com/benri/demo1/wp-content/plugins/Ultimate_VC_Addons/assets/min-js/mb-YTPlayer.min.js]
[skywarriorthemes.com/benri/demo1/portfolio/1420-3/index.html]
[skywarriorthemes.com/benri/demo1/wp-json/oembed/1.0/embed0d7c.json]
[skywarriorthemes.com/benri/demo1/portfolio/1420-2/feed/index.html]
[skywarriorthemes.com/benri/demo1/wp-json/oembed/1.0/embedc746]
[skywarriorthemes.com/benri/demo1/wp-content/uploads/sites/17/2017/05/igor-miske-177262.jpg]
[skywarriorthemes.com/benri/demo1/portfolio/1420-2/index.html]
[skywarriorthemes.com/benri/demo1/wp-content/uploads/sites/17/2017/05/patrick-tomasso-71909.jpg]
[skywarriorthemes.com/benri/demo1/wp-json/oembed/1.0/embedf153.json]
[skywarriorthemes.com/benri/demo1/wp-json/oembed/1.0/embed1122]
[skywarriorthemes.com/benri/demo1/wp-content/uploads/sites/17/2018/04/logo-big-vector-100x100.jpg]
[skywarriorthemes.com/benri/demo1/wp-content/uploads/sites/17/2017/05/bino-storyteller-33152-1000x700.jpg]
[skywarriorthemes.com/benri/demo1/wp-content/uploads/sites/17/2017/05/olu-eletu-27968-1000x700.jpg]
[skywarriorthemes.com/benri/demo1/wp-content/uploads/sites/17/2017/05/pineapple-supply-co-100584-1000x700.jpg]
[skywarriorthemes.com/benri/demo1/wp-content/uploads/sites/17/2017/05/tran-mau-tri-tam-66419-1000x700.jpg]
[skywarriorthemes.com/benri/demo1/wp-content/uploads/sites/17/2017/05/jeff-sheldon-3228-1000x700.jpg]
[skywarriorthemes.com/benri/demo1/wp-content/themes/benri/assets/js/blog-script.js]
[skywarriorthemes.com/benri/demo1/articles/index.html]
[skywarriorthemes.com/benri/demo1/wp-content/uploads/sites/17/2017/05/andre-benz-256762.jpg]
[skywarriorthemes.com/benri/demo1/wp-json/oembed/1.0/embed1839.json]
[skywarriorthemes.com/benri/demo1/wp-json/oembed/1.0/embed5069]
[skywarriorthemes.com/benri/demo1/contact/index.html]
[skywarriorthemes.com/benri/demo1/home/index.html]
[skywarriorthemes.com/benri/demo1/wp-json/oembed/1.0/embedd27b.json]
[skywarriorthemes.com/benri/demo1/portfolio/1420-4-2/feed/index.html]
[skywarriorthemes.com/benri/demo1/wp-json/oembed/1.0/embedc700]
[skywarriorthemes.com/benri/demo1/portfolio/1420-4-2/index.html]
[skywarriorthemes.com/benri/demo1/portfolio/1420-3-2/feed/index.html]
[skywarriorthemes.com/benri/demo1/wp-json/oembed/1.0/embeddc84.json]
[skywarriorthemes.com/benri/demo1/wp-json/oembed/1.0/embeda992]
[skywarriorthemes.com/benri/demo1/portfolio/1420-3-2/index.html]
[skywarriorthemes.com/benri/demo1/wp-json/oembed/1.0/embede65b.json]
[skywarriorthemes.com/benri/demo1/portfolio/1420-2-2/feed/index.html]
[skywarriorthemes.com/benri/demo1/wp-json/oembed/1.0/embed7dbf]
[skywarriorthemes.com/benri/demo1/portfolio/1420-2-2/index.html]
[skywarriorthemes.com/benri/demo1/wp-json/oembed/1.0/embeda73b.json]
[skywarriorthemes.com/benri/demo1/portfolio/1420-5/feed/index.html]
[skywarriorthemes.com/benri/demo1/wp-json/oembed/1.0/embedf99a]
[skywarriorthemes.com/benri/demo1/portfolio/1420-5/index.html]
[skywarriorthemes.com/benri/demo1/wp-json/oembed/1.0/embed18a2.json]
[skywarriorthemes.com/benri/demo1/portfolio/1420-4/feed/index.html]
[skywarriorthemes.com/benri/demo1/wp-json/oembed/1.0/embedb72b]
[skywarriorthemes.com/benri/demo1/portfolio/1420-4/index.html]
[skywarriorthemes.com/benri/demo1/wp-json/oembed/1.0/embed6899.json]
[skywarriorthemes.com/benri/demo1/portfolio/road-map/feed/index.html]
[skywarriorthemes.com/benri/demo1/wp-json/oembed/1.0/embed34e4]
[skywarriorthemes.com/benri/demo1/portfolio/road-map/index.html]
[skywarriorthemes.com/benri/demo1/wp-content/plugins/Ultimate_VC_Addons/assets/min-css/background-style.min.css]
[skywarriorthemes.com/benri/demo1/wp-content/plugins/js_composer/assets/lib/bower/animate-css/animate.min.css]
[skywarriorthemes.com/benri/demo1/wp-content/plugins/woocommerce/assets/fonts/star.svg]
[skywarriorthemes.com/benri/demo1/wp-content/plugins/woocommerce/assets/fonts/WooCommerce.svg]
[skywarriorthemes.com/benri/demo1/wp-content/plugins/woocommerce/assets/images/icons/loader.svg]
[skywarriorthemes.com/benri/demo1/wp-content/plugins/woocommerce/assets/images/icons/credit-cards/visa.svg]
[skywarriorthemes.com/benri/demo1/wp-content/plugins/woocommerce/assets/images/icons/credit-cards/mastercard.svg]
[skywarriorthemes.com/benri/demo1/wp-content/plugins/woocommerce/assets/images/icons/credit-cards/laser.svg]
[skywarriorthemes.com/benri/demo1/wp-content/plugins/woocommerce/assets/images/icons/credit-cards/diners.svg]
[skywarriorthemes.com/benri/demo1/wp-content/plugins/woocommerce/assets/images/icons/credit-cards/maestro.svg]
[skywarriorthemes.com/benri/demo1/wp-content/plugins/woocommerce/assets/images/icons/credit-cards/jcb.svg]
[skywarriorthemes.com/benri/demo1/wp-content/plugins/woocommerce/assets/images/icons/credit-cards/amex.svg]
[skywarriorthemes.com/benri/demo1/wp-content/plugins/woocommerce/assets/images/icons/credit-cards/discover.svg]
[skywarriorthemes.com/benri/demo1/wp-content/plugins/wp-social-widget/assets/fonts/socialicon1466.svg]
[skywarriorthemes.com/benri/demo1/wp-content/themes/benri/assets/webfonts/fa-brands-400.html]
[skywarriorthemes.com/benri/demo1/wp-content/themes/benri/assets/webfonts/fa-brands-400.svg]
[skywarriorthemes.com/benri/demo1/wp-content/themes/benri/assets/webfonts/fa-regular-400.html]
[skywarriorthemes.com/benri/demo1/wp-content/themes/benri/assets/webfonts/fa-regular-400.svg]
[skywarriorthemes.com/benri/demo1/wp-content/themes/benri/assets/webfonts/fa-solid-900.html]
[skywarriorthemes.com/benri/demo1/wp-content/themes/benri/assets/webfonts/fa-solid-900.svg]
[skywarriorthemes.com/benri/demo1/wp-content/themes/benri/assets/css/mejs-controls.svg]
[skywarriorthemes.com/benri/demo1/wp-content/plugins/js_composer/assets/fonts/vc_icons_v2/fonts/vcpb-plugin-iconsb82a.svg]
[skywarriorthemes.com/benri/demo1/wp-content/plugins/js_composer/assets/vc/blur.svg]
[skywarriorthemes.com/benri/demo1/wp-content/plugins/js_composer/assets/fonts/vc_grid/vc_grid_v157a1.svg]
[skywarriorthemes.com/benri/demo1/wp-content/uploads/sites/17/smile_fonts/Defaults/Defaults21ea.svg]
[skywarriorthemes.com/benri/demo1/wp-content/plugins/Ultimate_VC_Addons/assets/min-css/stats-counter.min.css]
[skywarriorthemes.com/benri/demo1/indexccf7.html]
[skywarriorthemes.com/benri/demo1/wp-content/plugins/Ultimate_VC_Addons/assets/min-css/ib2-style.min.css]
[skywarriorthemes.com/benri/demo1/wp-content/plugins/Ultimate_VC_Addons/assets/min-css/creative-link.min.css]
[skywarriorthemes.com/benri/demo1/index5ce3.html]
[skywarriorthemes.com/benri/demo1/index3f75.html]
[skywarriorthemes.com/benri/demo1/indexac80.html]
[skywarriorthemes.com/benri/demo1/indexfd2c.html]
[skywarriorthemes.com/benri/demo1/wp-content/uploads/sites/17/2017/05/bino-storyteller-33152-366x540.jpg]
[skywarriorthemes.com/benri/demo1/portfolio-category/app/feed/index.html]
[skywarriorthemes.com/benri/demo1/wp-content/uploads/sites/17/2017/05/chris-barbalis-249277-366x540.jpg]
[skywarriorthemes.com/benri/demo1/wp-content/uploads/sites/17/2017/05/jakob-owens-91193-366x540.jpg]
[skywarriorthemes.com/benri/demo1/wp-content/uploads/sites/17/2017/05/olu-eletu-27968-366x540.jpg]
[skywarriorthemes.com/benri/demo1/portfolio-category/app/index.html]
[skywarriorthemes.com/benri/demo1/wp-content/uploads/sites/17/2017/05/angelo-pantazis-180828-366x540.jpg]
[skywarriorthemes.com/benri/demo1/portfolio-category/photography/feed/index.html]
[skywarriorthemes.com/benri/demo1/wp-content/uploads/sites/17/2017/05/bench-accounting-49025-366x540.jpg]
[skywarriorthemes.com/benri/demo1/wp-content/uploads/sites/17/2017/05/rawpixel-com-191102-366x540.jpg]
[skywarriorthemes.com/benri/demo1/portfolio-category/photography/index.html]
[skywarriorthemes.com/benri/demo1/index5900.html]
[skywarriorthemes.com/benri/demo1/wp-json/oembed/1.0/embed1021.json]
[skywarriorthemes.com/benri/demo1/2013/08/31/fermentum-sit-amet-congue-sit-amet/feed/index.html]
[skywarriorthemes.com/benri/demo1/wp-json/oembed/1.0/embede654]
[skywarriorthemes.com/benri/demo1/2013/08/31/fermentum-sit-amet-congue-sit-amet/index.html]
[skywarriorthemes.com/benri/demo1/category/city-life/index.html]
[skywarriorthemes.com/benri/demo1/author/admin/index.html]
[skywarriorthemes.com/benri/demo1/category/city-life/feed/index.html]
[skywarriorthemes.com/benri/demo1/author/admin/feed/index.html]
[skywarriorthemes.com/benri/demo1/wp-json/oembed/1.0/embedc170.json]
[skywarriorthemes.com/benri/demo1/2013/06/17/etiam-massa-mauris-fermentum-a-congue-id/feed/index.html]
[skywarriorthemes.com/benri/demo1/wp-json/oembed/1.0/embed890c]
[skywarriorthemes.com/benri/demo1/2013/06/17/etiam-massa-mauris-fermentum-a-congue-id/index.html]
[skywarriorthemes.com/benri/demo1/wp-json/oembed/1.0/embed5e76.json]
[skywarriorthemes.com/benri/demo1/2013/06/17/curabitur-lorem-mauris-dictum-et-tempus/feed/index.html]
[skywarriorthemes.com/benri/demo1/wp-json/oembed/1.0/embed2a48]
[skywarriorthemes.com/benri/demo1/2013/06/17/curabitur-lorem-mauris-dictum-et-tempus/index.html]
[skywarriorthemes.com/benri/demo1/category/art/index.html]
[skywarriorthemes.com/benri/demo1/category/art/feed/index.html]
[skywarriorthemes.com/benri/demo1/wp-json/oembed/1.0/embed68e6.json]
[skywarriorthemes.com/benri/demo1/2013/06/17/morbi-vel-ipsum-vel-augue-mattis-ultricies-non-et-mauris/feed/index.html]
[skywarriorthemes.com/benri/demo1/wp-json/oembed/1.0/embed0c87]
[skywarriorthemes.com/benri/demo1/2013/06/17/morbi-vel-ipsum-vel-augue-mattis-ultricies-non-et-mauris/index.html]
[skywarriorthemes.com/benri/demo1/wp-json/oembed/1.0/embedab52.json]
[skywarriorthemes.com/benri/demo1/2013/05/04/duis-lacinia-nis-ve-lorem-scelerisque-interdum/feed/index.html]
[skywarriorthemes.com/benri/demo1/wp-json/oembed/1.0/embededc5]
[skywarriorthemes.com/benri/demo1/2013/05/04/duis-lacinia-nis-ve-lorem-scelerisque-interdum/index.html]
[skywarriorthemes.com/benri/demo1/wp-content/uploads/sites/17/2017/05/brad-neathery-248309.jpg]
[skywarriorthemes.com/benri/demo1/articles/page/2/index.html]
[skywarriorthemes.com/benri/demo1/index3b75.html]
[skywarriorthemes.com/benri/demo1/wp-content/plugins/js_composer/assets/css/lib/vc-open-iconic/fonts/vc_openiconic4906.eot]
[skywarriorthemes.com/benri/demo1/wp-content/plugins/js_composer/assets/css/lib/vc-open-iconic/fonts/vc_openiconic4906.woff]
[skywarriorthemes.com/benri/demo1/wp-content/plugins/js_composer/assets/css/lib/vc-open-iconic/fonts/vc_openiconic4906.ttf]
[skywarriorthemes.com/benri/demo1/wp-content/plugins/js_composer/assets/css/lib/vc-open-iconic/vc_openiconic.min.css]
[skywarriorthemes.com/benri/demo1/index8bab.html]
[skywarriorthemes.com/benri/demo1/wp-content/uploads/sites/17/2017/05/tran-mau-tri-tam-66419-366x540.jpg]
[skywarriorthemes.com/benri/demo1/portfolio-category/mobile/index.html]
[skywarriorthemes.com/benri/demo1/portfolio-category/technology/index.html]
[skywarriorthemes.com/benri/demo1/indexf351.html]
[skywarriorthemes.com/benri/demo1/indexb8d9.html]
[skywarriorthemes.com/benri/demo1/portfolio-category/website/index.html]
[skywarriorthemes.com/benri/demo1/indexd53a.html]
[skywarriorthemes.com/benri/demo1/index5c93.html]
[skywarriorthemes.com/benri/demo1/index460d.html]
[skywarriorthemes.com/benri/demo1/portfolio-category/website/feed/index.html]
[skywarriorthemes.com/benri/demo1/portfolio-category/technology/feed/index.html]
[skywarriorthemes.com/benri/demo1/portfolio-category/mobile/feed/index.html]
[skywarriorthemes.com/benri/demo1/indexdb34.html]
[skywarriorthemes.com/benri/demo1/category/classics/index.html]
[skywarriorthemes.com/benri/demo1/category/photograph/index.html]
[skywarriorthemes.com/benri/demo1/tag/city-life/index.html]
[skywarriorthemes.com/benri/demo1/tag/shooter/index.html]
[skywarriorthemes.com/benri/demo1/category/classics/feed/index.html]
[skywarriorthemes.com/benri/demo1/tag/strategy/index.html]
[skywarriorthemes.com/benri/demo1/category/photograph/feed/index.html]
[skywarriorthemes.com/benri/demo1/tag/city-life/feed/index.html]
[skywarriorthemes.com/benri/demo1/tag/shooter/feed/index.html]
[skywarriorthemes.com/benri/demo1/tag/strategy/feed/index.html]
[skywarriorthemes.com/benri/demo1/wp-json/oembed/1.0/embeddbba.json]
[skywarriorthemes.com/benri/demo1/2013/05/04/vix-at-eros-intellegat-sea-no-facer/feed/index.html]
[skywarriorthemes.com/benri/demo1/wp-json/oembed/1.0/embedad8e]
[skywarriorthemes.com/benri/demo1/2013/05/04/vix-at-eros-intellegat-sea-no-facer/index.html]
[skywarriorthemes.com/benri/demo1/author/admin/page/2/index.html]
[skywarriorthemes.com/benri/demo1/indexa862.html]
[skywarriorthemes.com/benri/demo1/category/retro/index.html]
[skywarriorthemes.com/benri/demo1/tag/art/index.html]
[skywarriorthemes.com/benri/demo1/tag/natur/index.html]
[skywarriorthemes.com/benri/demo1/tag/photog/index.html]
[skywarriorthemes.com/benri/demo1/category/retro/feed/index.html]
[skywarriorthemes.com/benri/demo1/tag/art/feed/index.html]
[skywarriorthemes.com/benri/demo1/tag/natur/feed/index.html]
[skywarriorthemes.com/benri/demo1/tag/photog/feed/index.html]
[skywarriorthemes.com/benri/demo1/index0a18.html]
[skywarriorthemes.com/benri/demo1/category/blog/index.html]
[skywarriorthemes.com/benri/demo1/tag/country/index.html]
[skywarriorthemes.com/benri/demo1/tag/photo/index.html]
[skywarriorthemes.com/benri/demo1/index87e8.html]
[skywarriorthemes.com/benri/demo1/tag/classics/index.html]
[skywarriorthemes.com/benri/demo1/category/blog/feed/index.html]
[skywarriorthemes.com/benri/demo1/tag/country/feed/index.html]
[skywarriorthemes.com/benri/demo1/tag/photo/feed/index.html]
[skywarriorthemes.com/benri/demo1/tag/classics/feed/index.html]
[skywarriorthemes.com/benri/demo1/index421d.html]
[skywarriorthemes.com/benri/demo1/wp-json/oembed/1.0/embedad1f.json]
[skywarriorthemes.com/benri/demo1/2013/05/04/eget-ultrice-mauris-rhoncus-non/feed/index.html]
[skywarriorthemes.com/benri/demo1/wp-json/oembed/1.0/embeddaf2]
[skywarriorthemes.com/benri/demo1/2013/05/04/eget-ultrice-mauris-rhoncus-non/index.html]
[skywarriorthemes.com/benri/demo1/wp-json/oembed/1.0/embedd45d.json]
[skywarriorthemes.com/benri/demo1/2013/01/04/congue-sit-amet/feed/index.html]
[skywarriorthemes.com/benri/demo1/wp-json/oembed/1.0/embed6e32]
[skywarriorthemes.com/benri/demo1/2013/01/04/congue-sit-amet/index.html]
[skywarriorthemes.com/benri/demo1/category/natu/index.html]
[skywarriorthemes.com/benri/demo1/wp-content/plugins/js_composer/assets/css/lib/vc-open-iconic/fonts/vc_openiconic4906.svg]
[skywarriorthemes.com/benri/demo1/wp-content/themes/benri/assets/fonts/LigatureSymbols-2.11.html]
[skywarriorthemes.com/benri/demo1/wp-content/themes/benri/assets/fonts/LigatureSymbols-2.11d41d.html]
[skywarriorthemes.com/benri/demo1/wp-content/themes/benri/assets/fonts/LigatureSymbols-2.11-2.html]
[skywarriorthemes.com/benri/demo1/wp-content/themes/benri/assets/fonts/LigatureSymbols-2.11-3.html]
[skywarriorthemes.com/benri/demo1/wp-content/themes/benri/assets/fonts/LigatureSymbols-2.11-4.html]
[skywarriorthemes.com/benri/demo1/wp-content/themes/benri/assets/img/prettyPhoto/light_rounded/sprite.html]
[skywarriorthemes.com/benri/demo1/wp-content/themes/benri/assets/img/prettyPhoto/light_rounded/btnNext.html]
[skywarriorthemes.com/benri/demo1/wp-content/themes/benri/assets/img/prettyPhoto/light_rounded/btnPrevious.html]
[skywarriorthemes.com/benri/demo1/wp-content/themes/benri/assets/img/prettyPhoto/dark_rounded/sprite.html]
[skywarriorthemes.com/benri/demo1/wp-content/themes/benri/assets/img/prettyPhoto/dark_rounded/contentPattern.html]
[skywarriorthemes.com/benri/demo1/wp-content/themes/benri/assets/img/prettyPhoto/dark_rounded/btnNext.html]
[skywarriorthemes.com/benri/demo1/wp-content/themes/benri/assets/img/prettyPhoto/dark_rounded/btnPrevious.html]
[skywarriorthemes.com/benri/demo1/wp-content/themes/benri/assets/img/prettyPhoto/dark_rounded/loader.html]
[skywarriorthemes.com/benri/demo1/wp-content/themes/benri/assets/img/prettyPhoto/dark_square/loader.html]
[skywarriorthemes.com/benri/demo1/wp-content/themes/benri/assets/img/prettyPhoto/dark_square/sprite.html]
[skywarriorthemes.com/benri/demo1/wp-content/themes/benri/assets/img/prettyPhoto/dark_square/btnNext.html]
[skywarriorthemes.com/benri/demo1/wp-content/themes/benri/assets/img/prettyPhoto/dark_square/btnPrevious.html]
[skywarriorthemes.com/benri/demo1/wp-content/themes/benri/assets/img/prettyPhoto/light_square/sprite.html]
[skywarriorthemes.com/benri/demo1/wp-content/themes/benri/assets/img/prettyPhoto/light_square/btnNext.html]
[skywarriorthemes.com/benri/demo1/wp-content/themes/benri/assets/img/prettyPhoto/light_square/btnPrevious.html]
[skywarriorthemes.com/benri/demo1/wp-content/themes/benri/assets/img/prettyPhoto/facebook/sprite.html]
[skywarriorthemes.com/benri/demo1/wp-content/themes/benri/assets/img/prettyPhoto/facebook/contentPatternTop.html]
[skywarriorthemes.com/benri/demo1/wp-content/themes/benri/assets/img/prettyPhoto/facebook/contentPatternLeft.html]
[skywarriorthemes.com/benri/demo1/wp-content/themes/benri/assets/img/prettyPhoto/facebook/contentPatternRight.html]
[skywarriorthemes.com/benri/demo1/wp-content/themes/benri/assets/img/prettyPhoto/facebook/loader.html]
[skywarriorthemes.com/benri/demo1/wp-content/themes/benri/assets/img/prettyPhoto/facebook/btnNext.html]
[skywarriorthemes.com/benri/demo1/wp-content/themes/benri/assets/img/prettyPhoto/facebook/btnPrevious.html]
[skywarriorthemes.com/benri/demo1/wp-content/themes/benri/assets/img/prettyPhoto/facebook/contentPatternBottom.html]
[skywarriorthemes.com/benri/demo1/wp-content/themes/benri/assets/img/prettyPhoto/facebook/default_thumbnail.html]
[skywarriorthemes.com/benri/demo1/wp-content/themes/benri/assets/img/prettyPhoto/light_rounded/loader.html]
[skywarriorthemes.com/benri/demo1/wp-content/themes/benri/assets/fonts/fontawesome-webfont3e6e.html]
[skywarriorthemes.com/benri/demo1/wp-content/themes/benri/assets/fonts/fontawesome-webfontd41d.html]
[skywarriorthemes.com/benri/demo1/wp-content/themes/benri/assets/fonts/fontawesome-webfont3e6e-2.html]
[skywarriorthemes.com/benri/demo1/wp-content/themes/benri/assets/fonts/fontawesome-webfont3e6e-3.html]
[skywarriorthemes.com/benri/demo1/wp-content/themes/benri/assets/fonts/fontawesome-webfont3e6e-4.html]
[skywarriorthemes.com/benri/demo1/wp-content/themes/benri/assets/fonts/fontawesome-webfont3e6e-5.html]
[skywarriorthemes.com/benri/demo1/index269b.html]
[skywarriorthemes.com/benri/demo1/indexee5b.html]
[skywarriorthemes.com/benri/demo1/tag/machine-motion/index.html]
[skywarriorthemes.com/benri/demo1/tag/prints-3d/index.html]
[skywarriorthemes.com/benri/demo1/indexdc22.html]
[skywarriorthemes.com/benri/demo1/tag/prints-3d/feed/index.html]
[skywarriorthemes.com/benri/demo1/category/natu/feed/index.html]
[skywarriorthemes.com/benri/demo1/tag/machine-motion/feed/index.html]
